// 重构日志: 664aa2b0
// 重构日志: c5a2b01a
// 重构日志: e84b4c05
// 重构日志: 27867408
// 重构日志: 79ec77bb
// 重构日志: 0f099175
// 重构日志: 21d74757
// 重构日志: fe3872be
// 重构日志: 0c8ecb21
// 同步 ID: e93d07fd @ Sun Jul 19 08:30:58 UTC 2026
// 同步 ID: a5989b80 @ Sun Jul 19 10:50:07 UTC 2026
// 重构日志: f4eb0429
// 重构日志: a84f463d
// 同步 ID: 31060d45 @ Mon Jul 20 10:56:38 UTC 2026
// 同步 ID: a7fa87b3 @ Tue Jul 21 16:41:29 UTC 2026
// 同步 ID: 90d9118f @ Wed Jul 22 07:26:23 UTC 2026
// 重构日志: f352888b
// 同步 ID: af9a423f @ Wed Jul 22 12:00:15 UTC 2026
// 同步 ID: dc8f4199 @ Wed Jul 22 16:24:01 UTC 2026
// 重构日志: 14b7725b
// 重构日志: b5ebcae2
// 同步 ID: b8b9db00 @ Thu Jul 23 06:48:29 UTC 2026
// 同步 ID: 1fb7303e @ Thu Jul 23 16:47:59 UTC 2026
// 同步 ID: 7fe496d9 @ Fri Jul 24 07:29:54 UTC 2026
// 重构日志: 775770d2
// 重构日志: cb2fbc97
// 重构日志: 7d457e90
// 同步 ID: 1e116565 @ Sat Jul 25 04:18:24 UTC 2026
// 重构日志: 51fa443d
// 同步 ID: 8a27374a @ Sat Jul 25 14:14:07 UTC 2026
